// Jest Snapshot v1, https://goo.gl/fbAQLP

exports[`dialer panel dial buttons 1`] = `
<TextInput
  disabled={false}
  invalid={false}
  onChange={[Function]}
  readOnly={false}
  value="0123456789*#"
>
  <div
    className=""
  >
    <input
      disabled={false}
      onChange={[Function]}
      readOnly={false}
      value="0123456789*#"
    />
  </div>
</TextInput>
`;
